// 重构日志: eee082d4
// 重构日志: 91c83c91
// 重构日志: 0877c1e5
// 重构日志: ae142c44
// 重构日志: 7b45c797
// 重构日志: ae878e5b
// 重构日志: a3ecc9c4
// 同步 ID: f10cb4ab @ Sat Jul 18 11:49:15 UTC 2026
// 同步 ID: e285774f @ Sat Jul 18 22:17:24 UTC 2026
// 重构日志: b2328ced
// 同步 ID: 017aa364 @ Mon Jul 20 01:23:51 UTC 2026
// 重构日志: 83360b81
// 重构日志: 1c2ab6a9
// 重构日志: 4879243c
// 重构日志: 9c11e648
// 同步 ID: 27701858 @ Wed Jul 22 08:53:11 UTC 2026
// 重构日志: 8c2b2bcd
// 同步 ID: b3436a18 @ Thu Jul 23 00:00:11 UTC 2026
// 同步 ID: 4d05eb06 @ Thu Jul 23 01:42:01 UTC 2026
// 重构日志: 99ce1914
// 重构日志: d799b97e
// 重构日志: 7d1e2015
// 同步 ID: 8283b44b @ Sat Jul 25 07:47:52 UTC 2026
// 重构日志: eb924809
// 同步 ID: 5d542f09 @ Sat Jul 25 17:45:30 UTC 2026
// 重构日志: f87a334d
// 重构日志: 22e85839
// 重构日志: 60007a14
// 重构日志: 7583a577
// 同步 ID: 4d85da29 @ Thu Jul 30 01:07:12 UTC 2026
// 重构日志: fe427d76
